Spectrum    :: tests/spectra/JW_T2_230309_5.00617.00617.3.dta
Database    :: data/uniprot_sprot_human+trypsin.fasta        
Enzyme      :: Trypsin 1 KR P                                
(M+H)+ Mass :: 1595.7045 ~ 3.0                               

 #    (M+H)+    deltCn  XCorr   Reference           Peptide             
---  ---------  ------  -----   ---------           -------             
 1.  1595.6831  0.0000  3.1092  P13726|TF_HUMAN     R.KSTDSPVECMGQEK.G  
 2.  1597.7794  0.3154  2.1287  Q5FWE3|PRRT3_HUMAN  R.LACPAPSGKSEVPER.P 
 3.  1596.8710  0.3470  2.0303  Q6PFW1|VIP1_HUMAN   K.RPEQLQEVLDITR.L   
 4.  1597.7533  0.3497  2.0219  Q13576|IQGA2_HUMAN  K.VDFTEEEISNMRK.E   
 5.  1595.9597  0.3760  1.9402  Q8IY17|PLPL6_HUMAN  K.ILRIQKETPTLQR.K   

 1.  P13726|TF_HUMAN Tissue factor precursor - Homo sapiens (Human)                                                      
 2.  Q5FWE3|PRRT3_HUMAN Proline-rich transmembrane protein 3 precursor - Homo sapiens (Human)                            
 3.  Q6PFW1|VIP1_HUMAN Inositol hexakisphosphate and diphosphoinositol-pentakisphosphate kinase 1 - Homo sapiens (Human) 

